<?php return array (
  0 => 'Symfony\\Bundle\\FrameworkBundle\\Controller\\AbstractController',
  1 => 'App\\Controller\\AttributController',
  2 => 'App\\Controller\\AuthController',
  3 => 'App\\Controller\\BiographyController',
  4 => 'App\\Controller\\CategoryController',
  5 => 'App\\Controller\\ContactController',
  6 => 'App\\Controller\\DepotController',
  7 => 'App\\Controller\\EntrepriseController',
  8 => 'App\\Controller\\ProductController',
  9 => 'App\\Controller\\UserController',
  10 => 'App\\Entity\\Attribut',
  11 => 'App\\Entity\\Biography',
  12 => 'App\\Entity\\Category',
  13 => 'App\\Entity\\Contact',
  14 => 'App\\Entity\\Depot',
  15 => 'App\\Entity\\Entreprise',
  16 => 'App\\Entity\\Product',
  17 => 'App\\Entity\\SimpleProduct',
  18 => 'App\\Entity\\Stock',
  19 => 'App\\Entity\\User',
  20 => 'App\\Entity\\Value',
  21 => 'Doctrine\\Bundle\\DoctrineBundle\\Controller\\ProfilerController',
  22 => 'Doctrine\\ORM\\Cache\\Persister\\Entity\\AbstractEntityPersister',
  23 => 'Doctrine\\ORM\\Cache\\Persister\\Entity\\CachedEntityPersister',
  24 => 'Doctrine\\ORM\\Cache\\Persister\\Entity\\NonStrictReadWriteCachedEntityPersister',
  25 => 'Doctrine\\ORM\\Cache\\Persister\\Entity\\ReadOnlyCachedEntityPersister',
  26 => 'Doctrine\\ORM\\Cache\\Persister\\Entity\\ReadWriteCachedEntityPersister',
  27 => 'Doctrine\\ORM\\Persisters\\Entity\\AbstractEntityInheritancePersister',
  28 => 'Doctrine\\ORM\\Persisters\\Entity\\BasicEntityPersister',
  29 => 'Doctrine\\ORM\\Persisters\\Entity\\CachedPersisterContext',
  30 => 'Doctrine\\ORM\\Persisters\\Entity\\EntityPersister',
  31 => 'Doctrine\\ORM\\Persisters\\Entity\\JoinedSubclassPersister',
  32 => 'Doctrine\\ORM\\Persisters\\Entity\\SingleTablePersister',
  33 => 'FOS\\RestBundle\\Controller\\AbstractFOSRestController',
  34 => 'FOS\\RestBundle\\Controller\\Annotations\\AbstractParam',
  35 => 'FOS\\RestBundle\\Controller\\Annotations\\AbstractScalarParam',
  36 => 'FOS\\RestBundle\\Controller\\Annotations\\Copy',
  37 => 'FOS\\RestBundle\\Controller\\Annotations\\Delete',
  38 => 'FOS\\RestBundle\\Controller\\Annotations\\FileParam',
  39 => 'FOS\\RestBundle\\Controller\\Annotations\\Get',
  40 => 'FOS\\RestBundle\\Controller\\Annotations\\Head',
  41 => 'FOS\\RestBundle\\Controller\\Annotations\\Link',
  42 => 'FOS\\RestBundle\\Controller\\Annotations\\Lock',
  43 => 'FOS\\RestBundle\\Controller\\Annotations\\Mkcol',
  44 => 'FOS\\RestBundle\\Controller\\Annotations\\Move',
  45 => 'FOS\\RestBundle\\Controller\\Annotations\\Options',
  46 => 'FOS\\RestBundle\\Controller\\Annotations\\ParamInterface',
  47 => 'FOS\\RestBundle\\Controller\\Annotations\\Patch',
  48 => 'FOS\\RestBundle\\Controller\\Annotations\\Post',
  49 => 'FOS\\RestBundle\\Controller\\Annotations\\PropFind',
  50 => 'FOS\\RestBundle\\Controller\\Annotations\\PropPatch',
  51 => 'FOS\\RestBundle\\Controller\\Annotations\\Put',
  52 => 'FOS\\RestBundle\\Controller\\Annotations\\QueryParam',
  53 => 'FOS\\RestBundle\\Controller\\Annotations\\RequestParam',
  54 => 'FOS\\RestBundle\\Controller\\Annotations\\Route',
  55 => 'FOS\\RestBundle\\Controller\\Annotations\\Unlink',
  56 => 'FOS\\RestBundle\\Controller\\Annotations\\Unlock',
  57 => 'FOS\\RestBundle\\Controller\\Annotations\\View',
  58 => 'FOS\\RestBundle\\Controller\\ControllerTrait',
  59 => 'Nelmio\\ApiDocBundle\\Controller\\DocumentationController',
  60 => 'Nelmio\\ApiDocBundle\\Controller\\SwaggerUiController',
  61 => 'Nelmio\\ApiDocBundle\\Controller\\YamlDocumentationController',
  63 => 'Symfony\\Bundle\\FrameworkBundle\\Controller\\ControllerResolver',
  64 => 'Symfony\\Bundle\\FrameworkBundle\\Controller\\RedirectController',
  65 => 'Symfony\\Bundle\\FrameworkBundle\\Controller\\TemplateController',
  66 => 'Symfony\\Component\\HttpKernel\\Controller\\ArgumentResolver',
  67 => 'Symfony\\Component\\HttpKernel\\Controller\\ArgumentResolverInterface',
  68 => 'Symfony\\Component\\HttpKernel\\Controller\\ArgumentResolver\\DefaultValueResolver',
  69 => 'Symfony\\Component\\HttpKernel\\Controller\\ArgumentResolver\\NotTaggedControllerValueResolver',
  70 => 'Symfony\\Component\\HttpKernel\\Controller\\ArgumentResolver\\RequestAttributeValueResolver',
  71 => 'Symfony\\Component\\HttpKernel\\Controller\\ArgumentResolver\\RequestValueResolver',
  72 => 'Symfony\\Component\\HttpKernel\\Controller\\ArgumentResolver\\ServiceValueResolver',
  73 => 'Symfony\\Component\\HttpKernel\\Controller\\ArgumentResolver\\SessionValueResolver',
  74 => 'Symfony\\Component\\HttpKernel\\Controller\\ArgumentResolver\\TraceableValueResolver',
  75 => 'Symfony\\Component\\HttpKernel\\Controller\\ArgumentResolver\\VariadicValueResolver',
  76 => 'Symfony\\Component\\HttpKernel\\Controller\\ArgumentValueResolverInterface',
  77 => 'Symfony\\Component\\HttpKernel\\Controller\\ContainerControllerResolver',
  78 => 'Symfony\\Component\\HttpKernel\\Controller\\ControllerReference',
  79 => 'Symfony\\Component\\HttpKernel\\Controller\\ControllerResolver',
  80 => 'Symfony\\Component\\HttpKernel\\Controller\\ControllerResolverInterface',
  81 => 'Symfony\\Component\\HttpKernel\\Controller\\ErrorController',
  82 => 'Symfony\\Component\\HttpKernel\\Controller\\TraceableArgumentResolver',
  83 => 'Symfony\\Component\\HttpKernel\\Controller\\TraceableControllerResolver',
  84 => 'Symfony\\Component\\Security\\Http\\Controller\\UserValueResolver',
);